// Jest Snapshot v1, https://goo.gl/fbAQLP

exports[`Button component should matches snapshot 1`] = `
<button
  className="button"
  data-testid="button"
  disabled={false}
  onClick={[Function]}
  style={
    Object {
      "backgroundColor": "#fc8eac",
    }
  }
>
  <p
    className="buttonText"
  >
    Test Button
  </p>
</button>
`;
