// Jest Snapshot v1, https://goo.gl/fbAQLP

exports[`Select input component should matches snapshot 1`] = `
<div>
  <div>
    <div>
      <label
        htmlFor="test"
      >
        <p
          className="inputLabel"
        >
          Test
        </p>
      </label>
      <select
        className="formInput"
        data-testid="select-input"
        id="test"
        input={
          Object {
            "checked": undefined,
            "name": "test",
            "onBlur": [Function],
            "onChange": [Function],
            "onFocus": [Function],
            "value": "",
          }
        }
        meta={
          Object {
            "active": false,
            "data": Object {},
            "dirty": false,
            "dirtySinceLastSubmit": false,
            "error": undefined,
            "initial": undefined,
            "invalid": false,
            "length": undefined,
            "modified": false,
            "modifiedSinceLastSubmit": false,
            "pristine": true,
            "submitError": undefined,
            "submitFailed": false,
            "submitSucceeded": false,
            "submitting": false,
            "touched": false,
            "valid": true,
            "validating": false,
            "visited": false,
          }
        }
        name="test"
        onBlur={[Function]}
        onChange={[Function]}
        onFocus={[Function]}
        value=""
      >
        <option
          value=""
        />
        <option
          value="1"
        >
          Test 01
        </option>
        <option
          value="2"
        >
          Test 02
        </option>
      </select>
      <div />
    </div>
  </div>
  <div
    style={
      Object {
        "display": "flex",
        "flexWrap": "wrap",
        "gap": "10px",
        "padding": "20px 0px",
      }
    }
  >
    <button
      className="button"
      data-testid="button"
      disabled={false}
      onClick={[Function]}
      style={
        Object {
          "backgroundColor": "#fc8eac",
        }
      }
    >
      <p
        className="buttonText"
      />
    </button>
    <button
      className="button"
      data-testid="button"
      disabled={false}
      onClick={[MockFunction]}
      style={
        Object {
          "backgroundColor": "white",
        }
      }
    >
      <p
        className="secondaryButtonText"
      >
        Cancelar
      </p>
    </button>
  </div>
</div>
`;
